Traceback (most recent call last):
  File "/home/miles/miniconda3/lib/python3.8/site-packages/jupyter_cache/executors/utils.py", line 58, in single_nb_execution
    executenb(
  File "/home/miles/miniconda3/lib/python3.8/site-packages/nbclient/client.py", line 1305, in execute
    return NotebookClient(nb=nb, resources=resources, km=km, **kwargs).execute()
  File "/home/miles/miniconda3/lib/python3.8/site-packages/jupyter_core/utils/__init__.py", line 173, in wrapped
    return loop.run_until_complete(inner)
  File "/home/miles/miniconda3/lib/python3.8/asyncio/base_events.py", line 616, in run_until_complete
    return future.result()
  File "/home/miles/miniconda3/lib/python3.8/site-packages/nbclient/client.py", line 705, in async_execute
    await self.async_execute_cell(
  File "/home/miles/miniconda3/lib/python3.8/site-packages/nbclient/client.py", line 1058, in async_execute_cell
    await self._check_raise_for_error(cell, cell_index, exec_reply)
  File "/home/miles/miniconda3/lib/python3.8/site-packages/nbclient/client.py", line 914, in _check_raise_for_error
    raise CellExecutionError.from_cell_and_msg(cell, exec_reply_content)
nbclient.exceptions.CellExecutionError: An error occurred while executing the following cell:
------------------
def laplacian_matrix(n):
    """
    Crea una matriz Laplaciana para una cuadrícula 1D de tamaño n.    
    """
    L = -np.diag(np.ones(n-1), -1) - np.diag(np.ones(n-1), 1) + np.diag(np.ones(n))*2
    return L

n = 51
r = np.linalg.eigh(laplacian_matrix(n))
w = np.sqrt(r.eigenvalues)
D = r.eigenvectors
D = D*np.sign(np.diff(D,axis=0)[0,:])

k = 10
plt.stem(w[:k]/w[0])
plt.grid()
plt.title("Primeros autovalores normalizados")
plt.ylabel("Valor")
plt.xlabel("# autovalor")
plt.figure()
# color cycle viridis
plt.gca().set_prop_cycle(plt.cycler('color', plt.cm.viridis(np.linspace(0,1, k))))
plt.plot(D[:,:k])
plt.title("Primeros autovectores")

plt.figure()
plt.pcolor(D[:,:k*2], cmap=plt.cm.viridis)
plt.title("Primeros autovectores")
plt.show()
------------------


[0;31m---------------------------------------------------------------------------[0m
[0;31mAttributeError[0m                            Traceback (most recent call last)
Cell [0;32mIn[2], line 10[0m
[1;32m      8[0m n [38;5;241m=[39m [38;5;241m51[39m
[1;32m      9[0m r [38;5;241m=[39m np[38;5;241m.[39mlinalg[38;5;241m.[39meigh(laplacian_matrix(n))
[0;32m---> 10[0m w [38;5;241m=[39m np[38;5;241m.[39msqrt([43mr[49m[38;5;241;43m.[39;49m[43meigenvalues[49m)
[1;32m     11[0m D [38;5;241m=[39m r[38;5;241m.[39meigenvectors
[1;32m     12[0m D [38;5;241m=[39m D[38;5;241m*[39mnp[38;5;241m.[39msign(np[38;5;241m.[39mdiff(D,axis[38;5;241m=[39m[38;5;241m0[39m)[[38;5;241m0[39m,:])

[0;31mAttributeError[0m: 'tuple' object has no attribute 'eigenvalues'

