Traceback (most recent call last):
  File "/home/miles/miniconda3/envs/newbase/lib/python3.10/site-packages/jupyter_cache/executors/utils.py", line 58, in single_nb_execution
    executenb(
  File "/home/miles/miniconda3/envs/newbase/lib/python3.10/site-packages/nbclient/client.py", line 1314, in execute
    return NotebookClient(nb=nb, resources=resources, km=km, **kwargs).execute()
  File "/home/miles/miniconda3/envs/newbase/lib/python3.10/site-packages/jupyter_core/utils/__init__.py", line 165, in wrapped
    return loop.run_until_complete(inner)
  File "/home/miles/miniconda3/envs/newbase/lib/python3.10/asyncio/base_events.py", line 649, in run_until_complete
    return future.result()
  File "/home/miles/miniconda3/envs/newbase/lib/python3.10/site-packages/nbclient/client.py", line 709, in async_execute
    await self.async_execute_cell(
  File "/home/miles/miniconda3/envs/newbase/lib/python3.10/site-packages/nbclient/client.py", line 1062, in async_execute_cell
    await self._check_raise_for_error(cell, cell_index, exec_reply)
  File "/home/miles/miniconda3/envs/newbase/lib/python3.10/site-packages/nbclient/client.py", line 918, in _check_raise_for_error
    raise CellExecutionError.from_cell_and_msg(cell, exec_reply_content)
nbclient.exceptions.CellExecutionError: An error occurred while executing the following cell:
------------------
A = 1
f0 = 4410; #hz
dur = 100.0/f0 # duracion de 5 periodos
t = np.arange(int(dur*sr))/sr

w = 2*np.pi*f0
x = A*np.sin(w*t)

# Simula cuantizado
# x = (x*2**16).astype(np.int8)
# x = x.astype(np.float32)


N = len(x)

P = 2*( abs(rfft(x)) / N )**2
Pdb = 10*np.log10(P)

df = sr/N # 1/duracion
f = np.arange(len(P)*df

plt.plot(f, Pdb,'.-');
plt.xlim(0,22050)
plt.xlabel('Frecuencia (hz)');
plt.ylabel('Potencia dB');
------------------


[0;36m  Cell [0;32mIn[16], line 20[0;36m[0m
[0;31m    f = np.arange(len(P)*df[0m
[0m                 ^[0m
[0;31mSyntaxError[0m[0;31m:[0m '(' was never closed


