Traceback (most recent call last):
  File "/home/miles/miniconda3/lib/python3.8/site-packages/jupyter_cache/executors/utils.py", line 58, in single_nb_execution
    executenb(
  File "/home/miles/miniconda3/lib/python3.8/site-packages/nbclient/client.py", line 1305, in execute
    return NotebookClient(nb=nb, resources=resources, km=km, **kwargs).execute()
  File "/home/miles/miniconda3/lib/python3.8/site-packages/jupyter_core/utils/__init__.py", line 173, in wrapped
    return loop.run_until_complete(inner)
  File "/home/miles/miniconda3/lib/python3.8/asyncio/base_events.py", line 616, in run_until_complete
    return future.result()
  File "/home/miles/miniconda3/lib/python3.8/site-packages/nbclient/client.py", line 705, in async_execute
    await self.async_execute_cell(
  File "/home/miles/miniconda3/lib/python3.8/site-packages/nbclient/client.py", line 1058, in async_execute_cell
    await self._check_raise_for_error(cell, cell_index, exec_reply)
  File "/home/miles/miniconda3/lib/python3.8/site-packages/nbclient/client.py", line 914, in _check_raise_for_error
    raise CellExecutionError.from_cell_and_msg(cell, exec_reply_content)
nbclient.exceptions.CellExecutionError: An error occurred while executing the following cell:
------------------
func = lambda z: 10*z

def func(z):
    return z

x = y = np.linspace(-5,5,100)
complexfunction(func, x,y)
plt.vlines(0,-2,2)
plt.hlines(0,-2,2);
plt.xlim(-2,2)
plt.ylim(-2,2);
------------------


[0;31m---------------------------------------------------------------------------[0m
[0;31mNameError[0m                                 Traceback (most recent call last)
Cell [0;32mIn[1], line 6[0m
[1;32m      3[0m [38;5;28;01mdef[39;00m [38;5;21mfunc[39m(z):
[1;32m      4[0m     [38;5;28;01mreturn[39;00m z
[0;32m----> 6[0m x [38;5;241m=[39m y [38;5;241m=[39m [43mnp[49m[38;5;241m.[39mlinspace([38;5;241m-[39m[38;5;241m5[39m,[38;5;241m5[39m,[38;5;241m100[39m)
[1;32m      7[0m complexfunction(func, x,y)
[1;32m      8[0m plt[38;5;241m.[39mvlines([38;5;241m0[39m,[38;5;241m-[39m[38;5;241m2[39m,[38;5;241m2[39m)

[0;31mNameError[0m: name 'np' is not defined

